{"level":"error","message":"undefined does not have an account, need to register.","timestamp":"12/4/2025, 3:12:50 PM"}
{"level":"error","message":"something does not have an account, need to register.","timestamp":"12/4/2025, 3:17:30 PM"}
{"level":"error","message":"something does not have an account, need to register.","timestamp":"12/4/2025, 3:17:33 PM"}
{"level":"error","message":"Test does not have an account, need to register.","timestamp":"12/4/2025, 3:17:42 PM"}
{"level":"error","message":"Password is incorrect.","timestamp":"12/9/2025, 3:18:00 PM"}
{"level":"error","message":"Password is incorrect.","timestamp":"12/9/2025, 3:20:05 PM"}
{"level":"error","message":"Password is incorrect.","timestamp":"12/9/2025, 3:21:20 PM"}
{"level":"error","message":"Password is incorrect.","timestamp":"12/9/2025, 3:21:59 PM"}
{"level":"error","message":"5 does not have an account, need to register.","timestamp":"12/9/2025, 3:22:03 PM"}
{"level":"error","message":"2 does not have an account, need to register.","timestamp":"12/9/2025, 3:40:49 PM"}
{"level":"error","message":"Password is incorrect.","timestamp":"12/9/2025, 3:41:10 PM"}
{"level":"error","message":"1 already has an account","timestamp":"12/9/2025, 3:41:17 PM"}
{"level":"error","message":"Password is incorrect.","timestamp":"12/9/2025, 4:48:49 PM"}
{"level":"error","message":"1dfakj does not have an account, need to register.","timestamp":"12/9/2025, 4:48:55 PM"}
{"level":"error","message":"1 already has an account","timestamp":"12/9/2025, 4:49:25 PM"}
{"level":"error","message":"1 already has an account","timestamp":"12/9/2025, 4:49:27 PM"}
{"level":"error","message":"emily already has an account","timestamp":"12/9/2025, 4:53:51 PM"}
{"level":"error","message":"Password is incorrect.","timestamp":"12/9/2025, 5:07:03 PM"}
{"level":"error","message":"Password is incorrect.","timestamp":"12/9/2025, 5:07:17 PM"}
{"level":"error","message":"2 does not have an account, need to register.","timestamp":"12/9/2025, 5:07:21 PM"}
{"level":"error","message":"1 already has an account","timestamp":"12/9/2025, 5:07:33 PM"}
{"level":"error","message":"1 already has an account","timestamp":"12/9/2025, 5:27:48 PM"}
{"level":"error","message":"1 already has an account","timestamp":"12/9/2025, 5:29:23 PM"}
{"level":"error","message":"Tressa already has an account","timestamp":"12/9/2025, 5:29:38 PM"}
{"level":"error","message":"1 already has an account","timestamp":"12/9/2025, 5:32:13 PM"}
